src/sistema kombat ok.tsx(5572,5): error TS2657: JSX expressions must have one parent element.
src/sistema kombat ok.tsx(5582,11): error TS1382: Unexpected token. Did you mean `{'>'}` or `&gt;`?
src/sistema kombat ok.tsx(5584,13): error TS17002: Expected corresponding JSX closing tag for 'div'.
src/sistema kombat ok.tsx(5645,5): error TS1005: ')' expected.
src/sistema kombat ok.tsx(5646,3): error TS1109: Expression expected.
