src/App.tsx(63,26): error TS2307: Cannot find module './supabase' or its corresponding type declarations.
src/components/Auth.tsx(4,26): error TS2307: Cannot find module '../supabase' or its corresponding type declarations.
src/components/ErrorBoundary.tsx(27,35): error TS2339: Property 'props' does not exist on type 'ErrorBoundary'.
